------------------------------------------------------------
TimeQuest Timing Analyzer Summary
------------------------------------------------------------

Type  : Slow 1200mV 85C Model Setup 'CLK'
Slack : -0.098
TNS   : -0.098

Type  : Slow 1200mV 85C Model Hold 'CLK'
Slack : 0.402
TNS   : 0.000

Type  : Slow 1200mV 85C Model Recovery 'CLK'
Slack : 6.156
TNS   : 0.000

Type  : Slow 1200mV 85C Model Removal 'CLK'
Slack : 4.220
TNS   : 0.000

Type  : Slow 1200mV 85C Model Minimum Pulse Width 'CLK'
Slack : 11.181
TNS   : 0.000

Type  : Slow 1200mV 0C Model Setup 'CLK'
Slack : 1.005
TNS   : 0.000

Type  : Slow 1200mV 0C Model Hold 'CLK'
Slack : 0.354
TNS   : 0.000

Type  : Slow 1200mV 0C Model Recovery 'CLK'
Slack : 6.809
TNS   : 0.000

Type  : Slow 1200mV 0C Model Removal 'CLK'
Slack : 3.978
TNS   : 0.000

Type  : Slow 1200mV 0C Model Minimum Pulse Width 'CLK'
Slack : 11.189
TNS   : 0.000

Type  : Fast 1200mV 0C Model Setup 'CLK'
Slack : 4.861
TNS   : 0.000

Type  : Fast 1200mV 0C Model Hold 'CLK'
Slack : 0.181
TNS   : 0.000

Type  : Fast 1200mV 0C Model Recovery 'CLK'
Slack : 8.066
TNS   : 0.000

Type  : Fast 1200mV 0C Model Removal 'CLK'
Slack : 3.138
TNS   : 0.000

Type  : Fast 1200mV 0C Model Minimum Pulse Width 'CLK'
Slack : 10.829
TNS   : 0.000

------------------------------------------------------------
